src/components/admin/StudentFilters.tsx(55,17): error TS2322: Type 'string | boolean | null' is not assignable to type 'boolean'.
  Type 'null' is not assignable to type 'boolean'.
src/pages/api/calendar/session-action.ts(96,21): error TS2339: Property 'calendar_event_id' does not exist on type '{ cancellation_reason: string | null; cancelled_at: string | null; cancelled_by: string | null; completed_at: string | null; created_at: string | null; duration_minutes: number | null; ... 11 more ...; subscription: { ...; }; }'.
src/pages/api/calendar/session-action.ts(98,48): error TS2339: Property 'calendar_event_id' does not exist on type '{ cancellation_reason: string | null; cancelled_at: string | null; cancelled_by: string | null; completed_at: string | null; created_at: string | null; duration_minutes: number | null; ... 11 more ...; subscription: { ...; }; }'.
src/pages/api/google/create-student-folder.ts(99,13): error TS2353: Object literal may only specify known properties, and 'level' does not exist in type 'CreateStudentFolderOptions'.
src/pages/api/google/process-recording.ts(81,30): error TS2339: Property 'google_meet_link' does not exist on type 'SelectQueryError<"column 'google_meet_link' does not exist on 'sessions'.">'.
src/pages/api/google/process-recording.ts(81,58): error TS2339: Property 'meet_link' does not exist on type 'SelectQueryError<"column 'google_meet_link' does not exist on 'sessions'.">'.
src/pages/api/google/process-recording.ts(92,29): error TS2339: Property 'student' does not exist on type 'SelectQueryError<"column 'google_meet_link' does not exist on 'sessions'.">'.
src/pages/api/google/process-recording.ts(116,59): error TS2339: Property 'drive_doc_id' does not exist on type 'SelectQueryError<"column 'google_meet_link' does not exist on 'sessions'.">'.
src/pages/api/google/process-recording.ts(117,47): error TS2339: Property 'drive_doc_id' does not exist on type 'SelectQueryError<"column 'google_meet_link' does not exist on 'sessions'.">'.
tests/api/teacher-availability.test.ts(184,31): error TS2367: This comparison appears to be unintentional because the types '"teacher-uuid-123"' and '"teacher-uuid-456"' have no overlap.
tests/e2e/admin-management-mocked.admin.spec.ts(1,24): error TS1484: 'Page' is a type and must be imported using a type-only import when 'verbatimModuleSyntax' is enabled.
tests/e2e/admin-management.admin.spec.ts(7,24): error TS1484: 'Page' is a type and must be imported using a type-only import when 'verbatimModuleSyntax' is enabled.
tests/e2e/classes-flow.student.spec.ts(7,24): error TS1484: 'Page' is a type and must be imported using a type-only import when 'verbatimModuleSyntax' is enabled.
tests/e2e/helpers/auth.ts(4,10): error TS1484: 'Page' is a type and must be imported using a type-only import when 'verbatimModuleSyntax' is enabled.
tests/e2e/helpers/auth.ts(5,22): error TS1484: 'UserRole' is a type and must be imported using a type-only import when 'verbatimModuleSyntax' is enabled.
tests/e2e/payment-flow.public.spec.ts(142,45): error TS2551: Property 'click' does not exist on type 'HTMLElement | SVGElement'. Did you mean 'onclick'?
  Property 'click' does not exist on type 'SVGElement'.
tests/e2e/scheduling-flow.teacher.spec.ts(7,24): error TS1484: 'Page' is a type and must be imported using a type-only import when 'verbatimModuleSyntax' is enabled.
tests/integration/payment-flow.test.ts(183,45): error TS2345: Argument of type 'string | null | undefined' is not assignable to parameter of type 'string'.
  Type 'undefined' is not assignable to type 'string'.
tests/integration/payment-flow.test.ts(191,17): error TS2554: Expected 2 arguments, but got 4.
tests/integration/payment-flow.test.ts(257,45): error TS2345: Argument of type 'string | null | undefined' is not assignable to parameter of type 'string'.
  Type 'undefined' is not assignable to type 'string'.
tests/integration/payment-flow.test.ts(264,17): error TS2554: Expected 2 arguments, but got 4.
tests/integration/session-scheduling.test.ts(105,29): error TS2551: Property 'createCalendarEvent' does not exist on type 'typeof import("C:/Users/Alin/Desktop/Academia/pruebas/src/lib/google/calendar")'. Did you mean 'updateCalendarEvent'?
tests/integration/session-scheduling.test.ts(109,32): error TS2551: Property 'createCalendarEvent' does not exist on type 'typeof import("C:/Users/Alin/Desktop/Academia/pruebas/src/lib/google/calendar")'. Did you mean 'updateCalendarEvent'?
tests/integration/session-scheduling.test.ts(157,17): error TS2554: Expected 1 arguments, but got 5.
tests/integration/session-scheduling.test.ts(167,27): error TS2339: Property 'documentUrl' does not exist on type 'ClassDocumentResult'.
tests/integration/session-scheduling.test.ts(181,21): error TS2554: Expected 1 arguments, but got 5.
tests/integration/session-scheduling.test.ts(213,17): error TS2554: Expected 5 arguments, but got 7.
tests/integration/session-scheduling.test.ts(237,17): error TS2554: Expected 2 arguments, but got 3.
tests/integration/session-scheduling.test.ts(252,29): error TS2551: Property 'createCalendarEvent' does not exist on type 'typeof import("C:/Users/Alin/Desktop/Academia/pruebas/src/lib/google/calendar")'. Did you mean 'updateCalendarEvent'?
tests/integration/session-scheduling.test.ts(283,57): error TS2551: Property 'createCalendarEvent' does not exist on type 'typeof import("C:/Users/Alin/Desktop/Academia/pruebas/src/lib/google/calendar")'. Did you mean 'updateCalendarEvent'?
tests/integration/session-scheduling.test.ts(295,17): error TS2554: Expected 1 arguments, but got 5.
tests/integration/session-scheduling.test.ts(309,17): error TS2554: Expected 5 arguments, but got 7.
tests/integration/session-scheduling.test.ts(310,27): error TS2339: Property 'documentUrl' does not exist on type 'ClassDocumentResult'.
tests/integration/session-scheduling.test.ts(315,35): error TS2551: Property 'createCalendarEvent' does not exist on type 'typeof import("C:/Users/Alin/Desktop/Academia/pruebas/src/lib/google/calendar")'. Did you mean 'updateCalendarEvent'?
tests/integration/session-scheduling.test.ts(324,29): error TS2551: Property 'createCalendarEvent' does not exist on type 'typeof import("C:/Users/Alin/Desktop/Academia/pruebas/src/lib/google/calendar")'. Did you mean 'updateCalendarEvent'?
tests/integration/session-scheduling.test.ts(336,57): error TS2551: Property 'createCalendarEvent' does not exist on type 'typeof import("C:/Users/Alin/Desktop/Academia/pruebas/src/lib/google/calendar")'. Did you mean 'updateCalendarEvent'?
tests/integration/session-scheduling.test.ts(344,62): error TS2554: Expected 1 arguments, but got 5.
tests/unit/api-security.test.ts(70,42): error TS2554: Expected 0 arguments, but got 1.
tests/unit/api-security.test.ts(70,58): error TS2554: Expected 0 arguments, but got 1.
tests/unit/api-security.test.ts(70,66): error TS2554: Expected 0 arguments, but got 2.
tests/unit/database.test.ts(442,18): error TS2554: Expected 0 arguments, but got 2.
tests/unit/database.test.ts(443,18): error TS2554: Expected 0 arguments, but got 2.
tests/unit/NextClassCard.test.tsx(84,21): error TS2741: Property 'drive_doc_url' is missing in type '{ id: string; scheduled_at: string; duration_minutes: number; status: string; meet_link: string; teacher: { full_name: string; email: string; }; }' but required in type 'Session'.
tests/unit/NextClassCard.test.tsx(97,21): error TS2741: Property 'drive_doc_url' is missing in type '{ id: string; scheduled_at: string; duration_minutes: number; status: string; meet_link: string; teacher: { full_name: string; email: string; }; }' but required in type 'Session'.
tests/unit/NextClassCard.test.tsx(109,21): error TS2741: Property 'drive_doc_url' is missing in type '{ id: string; scheduled_at: string; duration_minutes: number; status: string; meet_link: string; teacher: { full_name: string; email: string; }; }' but required in type 'Session'.
tests/unit/NextClassCard.test.tsx(128,21): error TS2741: Property 'drive_doc_url' is missing in type '{ scheduled_at: string; id: string; duration_minutes: number; status: string; meet_link: string; teacher: { full_name: string; email: string; }; }' but required in type 'Session'.
tests/unit/NextClassCard.test.tsx(146,21): error TS2741: Property 'drive_doc_url' is missing in type '{ scheduled_at: string; meet_link: null; id: string; duration_minutes: number; status: string; teacher: { full_name: string; email: string; }; }' but required in type 'Session'.
tests/unit/NextClassCard.test.tsx(163,21): error TS2741: Property 'drive_doc_url' is missing in type '{ scheduled_at: string; id: string; duration_minutes: number; status: string; meet_link: string; teacher: { full_name: string; email: string; }; }' but required in type 'Session'.
tests/unit/NextClassCard.test.tsx(184,21): error TS2741: Property 'drive_doc_url' is missing in type '{ teacher: { full_name: null; email: string; }; id: string; scheduled_at: string; duration_minutes: number; status: string; meet_link: string; }' but required in type 'Session'.
tests/unit/NextClassCard.test.tsx(211,21): error TS2741: Property 'drive_doc_url' is missing in type '{ id: string; scheduled_at: string; duration_minutes: number; status: string; meet_link: null; teacher: { full_name: string; email: string; }; }' but required in type 'Session'.
tests/unit/NextClassCard.test.tsx(236,21): error TS2741: Property 'drive_doc_url' is missing in type '{ id: string; scheduled_at: string; duration_minutes: number; status: string; meet_link: null; teacher: { full_name: string; email: string; }; }' but required in type 'Session'.
tests/unit/NextClassCard.test.tsx(270,21): error TS2741: Property 'drive_doc_url' is missing in type '{ id: string; scheduled_at: string; duration_minutes: number; status: string; meet_link: null; teacher: { full_name: string; email: string; }; }' but required in type 'Session'.
tests/unit/NextClassCard.test.tsx(292,21): error TS2741: Property 'drive_doc_url' is missing in type '{ id: string; scheduled_at: string; duration_minutes: number; status: string; meet_link: null; teacher: { full_name: string; email: string; }; }' but required in type 'Session'.
tests/unit/NextClassCard.test.tsx(304,21): error TS2741: Property 'drive_doc_url' is missing in type '{ id: string; scheduled_at: string; duration_minutes: number; status: string; meet_link: null; teacher: { full_name: string; email: string; }; }' but required in type 'Session'.
tests/unit/StudentClassList.test.tsx(111,40): error TS2741: Property 'drive_doc_url' is missing in type '{ id: string; scheduled_at: string; duration_minutes: number; status: string; meet_link: string; teacher_notes: null; teacher: { id: string; full_name: string; email: string; }; }' but required in type 'Session'.
tests/unit/StudentClassList.test.tsx(132,36): error TS2741: Property 'drive_doc_url' is missing in type '{ id: string; scheduled_at: string; duration_minutes: number; status: string; meet_link: string; teacher_notes: null; teacher: { id: string; full_name: string; email: string; }; }' but required in type 'Session'.
tests/unit/StudentClassList.test.tsx(151,40): error TS2741: Property 'drive_doc_url' is missing in type '{ id: string; scheduled_at: string; duration_minutes: number; status: string; meet_link: string; teacher_notes: null; teacher: { id: string; full_name: string; email: string; }; }' but required in type 'Session'.
tests/unit/StudentClassList.test.tsx(165,40): error TS2741: Property 'drive_doc_url' is missing in type '{ id: string; scheduled_at: string; duration_minutes: number; status: string; meet_link: string; teacher_notes: null; teacher: { id: string; full_name: string; email: string; }; }' but required in type 'Session'.
tests/unit/StudentClassList.test.tsx(186,36): error TS2741: Property 'drive_doc_url' is missing in type '{ id: string; scheduled_at: string; duration_minutes: number; status: string; meet_link: string; teacher_notes: null; teacher: { id: string; full_name: string; email: string; }; }' but required in type 'Session'.
tests/unit/StudentClassList.test.tsx(207,36): error TS2741: Property 'drive_doc_url' is missing in type '{ id: string; scheduled_at: string; duration_minutes: number; status: string; meet_link: string; teacher_notes: null; teacher: { id: string; full_name: string; email: string; }; }' but required in type 'Session'.
tests/unit/StudentClassList.test.tsx(228,40): error TS2741: Property 'drive_doc_url' is missing in type '{ id: string; scheduled_at: string; duration_minutes: number; status: string; meet_link: string; teacher_notes: null; teacher: { id: string; full_name: string; email: string; }; }' but required in type 'Session'.
tests/unit/StudentClassList.test.tsx(246,40): error TS2741: Property 'drive_doc_url' is missing in type '{ id: string; scheduled_at: string; duration_minutes: number; status: string; meet_link: string; teacher_notes: null; teacher: { id: string; full_name: string; email: string; }; }' but required in type 'Session'.
tests/unit/StudentClassList.test.tsx(265,40): error TS2741: Property 'drive_doc_url' is missing in type '{ id: string; scheduled_at: string; duration_minutes: number; status: string; meet_link: string; teacher_notes: null; teacher: { id: string; full_name: string; email: string; }; }' but required in type 'Session'.
tests/unit/StudentClassList.test.tsx(285,40): error TS2741: Property 'drive_doc_url' is missing in type '{ id: string; scheduled_at: string; duration_minutes: number; status: string; meet_link: string; teacher_notes: null; teacher: { id: string; full_name: string; email: string; }; }' but required in type 'Session'.
tests/unit/StudentClassList.test.tsx(302,40): error TS2741: Property 'drive_doc_url' is missing in type '{ id: string; scheduled_at: string; duration_minutes: number; status: string; meet_link: string; teacher_notes: null; teacher: { id: string; full_name: string; email: string; }; }' but required in type 'Session'.
tests/unit/StudentClassList.test.tsx(325,21): error TS2322: Type '{ id: string; scheduled_at: string; duration_minutes: number; status: string; meet_link: string; teacher_notes: null; teacher: { id: string; full_name: string; email: string; }; }[]' is not assignable to type 'Session[]'.
  Property 'drive_doc_url' is missing in type '{ id: string; scheduled_at: string; duration_minutes: number; status: string; meet_link: string; teacher_notes: null; teacher: { id: string; full_name: string; email: string; }; }' but required in type 'Session'.
tests/unit/StudentClassList.test.tsx(349,40): error TS2741: Property 'drive_doc_url' is missing in type '{ id: string; scheduled_at: string; duration_minutes: number; status: string; meet_link: string; teacher_notes: null; teacher: { id: string; full_name: string; email: string; }; }' but required in type 'Session'.
tests/unit/StudentClassList.test.tsx(349,50): error TS2741: Property 'drive_doc_url' is missing in type '{ id: string; scheduled_at: string; duration_minutes: number; status: string; meet_link: string; teacher_notes: null; teacher: { id: string; full_name: string; email: string; }; }' but required in type 'Session'.
tests/unit/StudentClassList.test.tsx(379,36): error TS2741: Property 'drive_doc_url' is missing in type '{ id: string; scheduled_at: string; duration_minutes: number; status: string; meet_link: string; teacher_notes: null; teacher: { id: string; full_name: string; email: string; }; }' but required in type 'Session'.
tests/unit/StudentFilters.test.tsx(74,17): error TS2322: Type '({ id: string; full_name: string; email: string; phone: string; created_at: string; preferred_language: string; subscription_status: string; subscription_ends: string; package_name: string; package_display_name: { ...; }; teacher_name: string; } | { ...; })[]' is not assignable to type 'Student[]'.
  Type '{ id: string; full_name: string; email: string; phone: string; created_at: string; preferred_language: string; subscription_status: string; subscription_ends: string; package_name: string; package_display_name: { ...; }; teacher_name: string; } | { ...; }' is not assignable to type 'Student'.
    Type '{ id: string; full_name: string; email: string; phone: null; created_at: string; preferred_language: string; subscription_status: null; subscription_ends: null; package_name: null; package_display_name: null; teacher_name: null; }' is not assignable to type 'Student'.
      Types of property 'package_display_name' are incompatible.
        Type 'null' is not assignable to type 'Record<string, string>'.
tests/unit/StudentFilters.test.tsx(89,17): error TS2322: Type '({ id: string; full_name: string; email: string; phone: string; created_at: string; preferred_language: string; subscription_status: string; subscription_ends: string; package_name: string; package_display_name: { ...; }; teacher_name: string; } | { ...; })[]' is not assignable to type 'Student[]'.
  Type '{ id: string; full_name: string; email: string; phone: string; created_at: string; preferred_language: string; subscription_status: string; subscription_ends: string; package_name: string; package_display_name: { ...; }; teacher_name: string; } | { ...; }' is not assignable to type 'Student'.
    Type '{ id: string; full_name: string; email: string; phone: null; created_at: string; preferred_language: string; subscription_status: null; subscription_ends: null; package_name: null; package_display_name: null; teacher_name: null; }' is not assignable to type 'Student'.
      Types of property 'package_display_name' are incompatible.
        Type 'null' is not assignable to type 'Record<string, string>'.
tests/unit/StudentFilters.test.tsx(102,17): error TS2322: Type '({ id: string; full_name: string; email: string; phone: string; created_at: string; preferred_language: string; subscription_status: string; subscription_ends: string; package_name: string; package_display_name: { ...; }; teacher_name: string; } | { ...; })[]' is not assignable to type 'Student[]'.
  Type '{ id: string; full_name: string; email: string; phone: string; created_at: string; preferred_language: string; subscription_status: string; subscription_ends: string; package_name: string; package_display_name: { ...; }; teacher_name: string; } | { ...; }' is not assignable to type 'Student'.
    Type '{ id: string; full_name: string; email: string; phone: null; created_at: string; preferred_language: string; subscription_status: null; subscription_ends: null; package_name: null; package_display_name: null; teacher_name: null; }' is not assignable to type 'Student'.
      Types of property 'package_display_name' are incompatible.
        Type 'null' is not assignable to type 'Record<string, string>'.
tests/unit/StudentFilters.test.tsx(120,17): error TS2322: Type '({ id: string; full_name: string; email: string; phone: string; created_at: string; preferred_language: string; subscription_status: string; subscription_ends: string; package_name: string; package_display_name: { ...; }; teacher_name: string; } | { ...; })[]' is not assignable to type 'Student[]'.
  Type '{ id: string; full_name: string; email: string; phone: string; created_at: string; preferred_language: string; subscription_status: string; subscription_ends: string; package_name: string; package_display_name: { ...; }; teacher_name: string; } | { ...; }' is not assignable to type 'Student'.
    Type '{ id: string; full_name: string; email: string; phone: null; created_at: string; preferred_language: string; subscription_status: null; subscription_ends: null; package_name: null; package_display_name: null; teacher_name: null; }' is not assignable to type 'Student'.
      Types of property 'package_display_name' are incompatible.
        Type 'null' is not assignable to type 'Record<string, string>'.
tests/unit/StudentFilters.test.tsx(137,17): error TS2322: Type '({ id: string; full_name: string; email: string; phone: string; created_at: string; preferred_language: string; subscription_status: string; subscription_ends: string; package_name: string; package_display_name: { ...; }; teacher_name: string; } | { ...; })[]' is not assignable to type 'Student[]'.
  Type '{ id: string; full_name: string; email: string; phone: string; created_at: string; preferred_language: string; subscription_status: string; subscription_ends: string; package_name: string; package_display_name: { ...; }; teacher_name: string; } | { ...; }' is not assignable to type 'Student'.
    Type '{ id: string; full_name: string; email: string; phone: null; created_at: string; preferred_language: string; subscription_status: null; subscription_ends: null; package_name: null; package_display_name: null; teacher_name: null; }' is not assignable to type 'Student'.
      Types of property 'package_display_name' are incompatible.
        Type 'null' is not assignable to type 'Record<string, string>'.
tests/unit/StudentFilters.test.tsx(151,17): error TS2322: Type '({ id: string; full_name: string; email: string; phone: string; created_at: string; preferred_language: string; subscription_status: string; subscription_ends: string; package_name: string; package_display_name: { ...; }; teacher_name: string; } | { ...; })[]' is not assignable to type 'Student[]'.
  Type '{ id: string; full_name: string; email: string; phone: string; created_at: string; preferred_language: string; subscription_status: string; subscription_ends: string; package_name: string; package_display_name: { ...; }; teacher_name: string; } | { ...; }' is not assignable to type 'Student'.
    Type '{ id: string; full_name: string; email: string; phone: null; created_at: string; preferred_language: string; subscription_status: null; subscription_ends: null; package_name: null; package_display_name: null; teacher_name: null; }' is not assignable to type 'Student'.
      Types of property 'package_display_name' are incompatible.
        Type 'null' is not assignable to type 'Record<string, string>'.
tests/unit/StudentFilters.test.tsx(165,17): error TS2322: Type '({ id: string; full_name: string; email: string; phone: string; created_at: string; preferred_language: string; subscription_status: string; subscription_ends: string; package_name: string; package_display_name: { ...; }; teacher_name: string; } | { ...; })[]' is not assignable to type 'Student[]'.
  Type '{ id: string; full_name: string; email: string; phone: string; created_at: string; preferred_language: string; subscription_status: string; subscription_ends: string; package_name: string; package_display_name: { ...; }; teacher_name: string; } | { ...; }' is not assignable to type 'Student'.
    Type '{ id: string; full_name: string; email: string; phone: null; created_at: string; preferred_language: string; subscription_status: null; subscription_ends: null; package_name: null; package_display_name: null; teacher_name: null; }' is not assignable to type 'Student'.
      Types of property 'package_display_name' are incompatible.
        Type 'null' is not assignable to type 'Record<string, string>'.
tests/unit/StudentFilters.test.tsx(180,17): error TS2322: Type '({ id: string; full_name: string; email: string; phone: string; created_at: string; preferred_language: string; subscription_status: string; subscription_ends: string; package_name: string; package_display_name: { ...; }; teacher_name: string; } | { ...; })[]' is not assignable to type 'Student[]'.
  Type '{ id: string; full_name: string; email: string; phone: string; created_at: string; preferred_language: string; subscription_status: string; subscription_ends: string; package_name: string; package_display_name: { ...; }; teacher_name: string; } | { ...; }' is not assignable to type 'Student'.
    Type '{ id: string; full_name: string; email: string; phone: null; created_at: string; preferred_language: string; subscription_status: null; subscription_ends: null; package_name: null; package_display_name: null; teacher_name: null; }' is not assignable to type 'Student'.
      Types of property 'package_display_name' are incompatible.
        Type 'null' is not assignable to type 'Record<string, string>'.
tests/unit/StudentFilters.test.tsx(199,17): error TS2322: Type '({ id: string; full_name: string; email: string; phone: string; created_at: string; preferred_language: string; subscription_status: string; subscription_ends: string; package_name: string; package_display_name: { ...; }; teacher_name: string; } | { ...; })[]' is not assignable to type 'Student[]'.
  Type '{ id: string; full_name: string; email: string; phone: string; created_at: string; preferred_language: string; subscription_status: string; subscription_ends: string; package_name: string; package_display_name: { ...; }; teacher_name: string; } | { ...; }' is not assignable to type 'Student'.
    Type '{ id: string; full_name: string; email: string; phone: null; created_at: string; preferred_language: string; subscription_status: null; subscription_ends: null; package_name: null; package_display_name: null; teacher_name: null; }' is not assignable to type 'Student'.
      Types of property 'package_display_name' are incompatible.
        Type 'null' is not assignable to type 'Record<string, string>'.
