// Vitest Snapshot v1, https://vitest.dev/guide/snapshot.html

exports[`PricingModal > matches snapshot 1`] = `
<DocumentFragment>
  <div
    class="fixed inset-0 z-50 flex items-start justify-center pt-20 px-4"
  >
    <div
      class="absolute inset-0 bg-black/50"
    />
    <div
      class="relative bg-white max-w-md w-full p-8 border-2 border-[#006064] shadow-[8px_8px_0px_0px_#006064] z-10"
    >
      <button
        aria-label="Cerrar"
        class="absolute top-4 right-4 text-[#006064] hover:opacity-70 text-2xl font-bold"
      >
        ×
      </button>
      <h2
        class="font-display text-2xl text-[#006064] uppercase mb-2"
      >
        Básico
      </h2>
      <p
        class="text-[#006064]/60 text-sm uppercase tracking-wide mb-6"
      >
        Selecciona duración
      </p>
      <div
        class="space-y-3 mb-6"
      >
        <button
          class="w-full p-4 border-2 text-left transition-all border-[#006064] bg-[#E0F7FA]"
        >
          <div
            class="flex justify-between items-center"
          >
            <span
              class="font-bold text-[#006064]"
            >
              1 mes
            </span>
            <span
              class="font-mono text-[#006064]"
            >
              160€/por mes
            </span>
          </div>
        </button>
        <button
          class="w-full p-4 border-2 text-left transition-all border-[#006064]/20 hover:border-[#006064]/50"
        >
          <div
            class="flex justify-between items-center"
          >
            <span
              class="font-bold text-[#006064]"
            >
              3 meses
            </span>
            <span
              class="font-mono text-[#006064]"
            >
              144€/por mes
            </span>
          </div>
          <p
            class="text-xs text-green-600 mt-1"
          >
            Ahorra 48€
          </p>
        </button>
        <button
          class="w-full p-4 border-2 text-left transition-all border-[#006064]/20 hover:border-[#006064]/50"
        >
          <div
            class="flex justify-between items-center"
          >
            <span
              class="font-bold text-[#006064]"
            >
              6 meses
            </span>
            <span
              class="font-mono text-[#006064]"
            >
              128€/por mes
            </span>
          </div>
          <p
            class="text-xs text-green-600 mt-1"
          >
            Ahorra 192€
          </p>
        </button>
      </div>
      <div
        class="mb-6 p-4 bg-[#E0F7FA] border-2 border-[#006064]"
      >
        <div
          class="flex justify-between items-center"
        >
          <span
            class="font-bold text-[#006064]"
          >
            Total
          </span>
          <span
            class="font-display text-2xl text-[#006064]"
          >
            160€
          </span>
        </div>
      </div>
      <button
        class="
                        w-full py-4 font-bold text-sm uppercase tracking-widest
                        border-2 border-[#006064] 
                        shadow-[4px_4px_0px_0px_#006064] 
                        hover:shadow-none hover:translate-x-[2px] hover:translate-y-[2px] 
                        transition-all
                        bg-[#006064] text-white hover:bg-[#004d40]
                    "
      >
        Continuar
      </button>
    </div>
  </div>
</DocumentFragment>
`;
