// Vitest Snapshot v1, https://vitest.dev/guide/snapshot.html

exports[`TeacherNotes > matches snapshot 1`] = `
<DocumentFragment>
  <div
    class="space-y-4"
  >
    <textarea
      class="w-full h-40 p-4 border-2 border-[#006064] focus:outline-none focus:ring-2 focus:ring-[#006064]/20 font-sans text-[#006064] placeholder-[#006064]/40 resize-none"
      placeholder="Escribe notas sobre el estudiante..."
    >
      Notas
    </textarea>
    <div
      class="flex items-center gap-4"
    >
      <button
        class="
                        px-6 py-2 font-bold text-xs uppercase tracking-wide
                        border-2 border-[#006064] 
                        transition-all
                        bg-[#006064] text-white hover:bg-[#004d40]
                    "
      >
        Guardar
      </button>
    </div>
  </div>
</DocumentFragment>
`;
